Archive member included because of file (symbol)

/home/abd/projects/EFS_Link/st_mcu/test_project/stm32f030-demoboard/libopencm3/lib/libopencm3_stm32f0.a(gpio_common_all.o)
                              miniblink.o (gpio_toggle)
/home/abd/projects/EFS_Link/st_mcu/test_project/stm32f030-demoboard/libopencm3/lib/libopencm3_stm32f0.a(gpio_common_f0234.o)
                              miniblink.o (gpio_mode_setup)
/home/abd/projects/EFS_Link/st_mcu/test_project/stm32f030-demoboard/libopencm3/lib/libopencm3_stm32f0.a(rcc_common_all.o)
                              miniblink.o (rcc_periph_clock_enable)
/home/abd/projects/EFS_Link/st_mcu/test_project/stm32f030-demoboard/libopencm3/lib/libopencm3_stm32f0.a(vector.o)
                              (reset_handler)

Discarded input sections

 .text          0x0000000000000000        0x0 miniblink.o
 .data          0x0000000000000000        0x0 miniblink.o
 .bss           0x0000000000000000        0x0 miniblink.o
 .group         0x0000000000000000        0x8 /home/abd/projects/EFS_Link/st_mcu/test_project/stm32f030-demoboard/libopencm3/lib/libopencm3_stm32f0.a(gpio_common_all.o)
 .group         0x0000000000000000        0x8 /home/abd/projects/EFS_Link/st_mcu/test_project/stm32f030-demoboard/libopencm3/lib/libopencm3_stm32f0.a(gpio_common_all.o)
 .group         0x0000000000000000        0x8 /home/abd/projects/EFS_Link/st_mcu/test_project/stm32f030-demoboard/libopencm3/lib/libopencm3_stm32f0.a(gpio_common_all.o)
 .group         0x0000000000000000        0x8 /home/abd/projects/EFS_Link/st_mcu/test_project/stm32f030-demoboard/libopencm3/lib/libopencm3_stm32f0.a(gpio_common_all.o)
 .group         0x0000000000000000        0x8 /home/abd/projects/EFS_Link/st_mcu/test_project/stm32f030-demoboard/libopencm3/lib/libopencm3_stm32f0.a(gpio_common_all.o)
 .group         0x0000000000000000        0x8 /home/abd/projects/EFS_Link/st_mcu/test_project/stm32f030-demoboard/libopencm3/lib/libopencm3_stm32f0.a(gpio_common_all.o)
 .group         0x0000000000000000        0x8 /home/abd/projects/EFS_Link/st_mcu/test_project/stm32f030-demoboard/libopencm3/lib/libopencm3_stm32f0.a(gpio_common_all.o)
 .group         0x0000000000000000        0x8 /home/abd/projects/EFS_Link/st_mcu/test_project/stm32f030-demoboard/libopencm3/lib/libopencm3_stm32f0.a(gpio_common_all.o)
 .group         0x0000000000000000        0x8 /home/abd/projects/EFS_Link/st_mcu/test_project/stm32f030-demoboard/libopencm3/lib/libopencm3_stm32f0.a(gpio_common_all.o)
 .group         0x0000000000000000        0x8 /home/abd/projects/EFS_Link/st_mcu/test_project/stm32f030-demoboard/libopencm3/lib/libopencm3_stm32f0.a(gpio_common_all.o)
 .group         0x0000000000000000        0x8 /home/abd/projects/EFS_Link/st_mcu/test_project/stm32f030-demoboard/libopencm3/lib/libopencm3_stm32f0.a(gpio_common_all.o)
 .group         0x0000000000000000        0x8 /home/abd/projects/EFS_Link/st_mcu/test_project/stm32f030-demoboard/libopencm3/lib/libopencm3_stm32f0.a(gpio_common_all.o)
 .group         0x0000000000000000        0x8 /home/abd/projects/EFS_Link/st_mcu/test_project/stm32f030-demoboard/libopencm3/lib/libopencm3_stm32f0.a(gpio_common_all.o)
 .group         0x0000000000000000        0x8 /home/abd/projects/EFS_Link/st_mcu/test_project/stm32f030-demoboard/libopencm3/lib/libopencm3_stm32f0.a(gpio_common_all.o)
 .text          0x0000000000000000        0x0 /home/abd/projects/EFS_Link/st_mcu/test_project/stm32f030-demoboard/libopencm3/lib/libopencm3_stm32f0.a(gpio_common_all.o)
 .data          0x0000000000000000        0x0 /home/abd/projects/EFS_Link/st_mcu/test_project/stm32f030-demoboard/libopencm3/lib/libopencm3_stm32f0.a(gpio_common_all.o)
 .bss           0x0000000000000000        0x0 /home/abd/projects/EFS_Link/st_mcu/test_project/stm32f030-demoboard/libopencm3/lib/libopencm3_stm32f0.a(gpio_common_all.o)
 .text.gpio_set
                0x0000000000000000        0x4 /home/abd/projects/EFS_Link/st_mcu/test_project/stm32f030-demoboard/libopencm3/lib/libopencm3_stm32f0.a(gpio_common_all.o)
 .text.gpio_clear
                0x0000000000000000        0x6 /home/abd/projects/EFS_Link/st_mcu/test_project/stm32f030-demoboard/libopencm3/lib/libopencm3_stm32f0.a(gpio_common_all.o)
 .text.gpio_get
                0x0000000000000000        0x6 /home/abd/projects/EFS_Link/st_mcu/test_project/stm32f030-demoboard/libopencm3/lib/libopencm3_stm32f0.a(gpio_common_all.o)
 .text.gpio_port_read
                0x0000000000000000        0x6 /home/abd/projects/EFS_Link/st_mcu/test_project/stm32f030-demoboard/libopencm3/lib/libopencm3_stm32f0.a(gpio_common_all.o)
 .text.gpio_port_write
                0x0000000000000000        0x4 /home/abd/projects/EFS_Link/st_mcu/test_project/stm32f030-demoboard/libopencm3/lib/libopencm3_stm32f0.a(gpio_common_all.o)
 .text.gpio_port_config_lock
                0x0000000000000000       0x12 /home/abd/projects/EFS_Link/st_mcu/test_project/stm32f030-demoboard/libopencm3/lib/libopencm3_stm32f0.a(gpio_common_all.o)
 .group         0x0000000000000000        0x8 /home/abd/projects/EFS_Link/st_mcu/test_project/stm32f030-demoboard/libopencm3/lib/libopencm3_stm32f0.a(gpio_common_f0234.o)
 .group         0x0000000000000000        0x8 /home/abd/projects/EFS_Link/st_mcu/test_project/stm32f030-demoboard/libopencm3/lib/libopencm3_stm32f0.a(gpio_common_f0234.o)
 .group         0x0000000000000000        0x8 /home/abd/projects/EFS_Link/st_mcu/test_project/stm32f030-demoboard/libopencm3/lib/libopencm3_stm32f0.a(gpio_common_f0234.o)
 .group         0x0000000000000000        0x8 /home/abd/projects/EFS_Link/st_mcu/test_project/stm32f030-demoboard/libopencm3/lib/libopencm3_stm32f0.a(gpio_common_f0234.o)
 .group         0x0000000000000000        0x8 /home/abd/projects/EFS_Link/st_mcu/test_project/stm32f030-demoboard/libopencm3/lib/libopencm3_stm32f0.a(gpio_common_f0234.o)
 .group         0x0000000000000000        0x8 /home/abd/projects/EFS_Link/st_mcu/test_project/stm32f030-demoboard/libopencm3/lib/libopencm3_stm32f0.a(gpio_common_f0234.o)
 .group         0x0000000000000000        0x8 /home/abd/projects/EFS_Link/st_mcu/test_project/stm32f030-demoboard/libopencm3/lib/libopencm3_stm32f0.a(gpio_common_f0234.o)
 .group         0x0000000000000000        0x8 /home/abd/projects/EFS_Link/st_mcu/test_project/stm32f030-demoboard/libopencm3/lib/libopencm3_stm32f0.a(gpio_common_f0234.o)
 .group         0x0000000000000000        0x8 /home/abd/projects/EFS_Link/st_mcu/test_project/stm32f030-demoboard/libopencm3/lib/libopencm3_stm32f0.a(gpio_common_f0234.o)
 .group         0x0000000000000000        0x8 /home/abd/projects/EFS_Link/st_mcu/test_project/stm32f030-demoboard/libopencm3/lib/libopencm3_stm32f0.a(gpio_common_f0234.o)
 .group         0x0000000000000000        0x8 /home/abd/projects/EFS_Link/st_mcu/test_project/stm32f030-demoboard/libopencm3/lib/libopencm3_stm32f0.a(gpio_common_f0234.o)
 .group         0x0000000000000000        0x8 /home/abd/projects/EFS_Link/st_mcu/test_project/stm32f030-demoboard/libopencm3/lib/libopencm3_stm32f0.a(gpio_common_f0234.o)
 .group         0x0000000000000000        0x8 /home/abd/projects/EFS_Link/st_mcu/test_project/stm32f030-demoboard/libopencm3/lib/libopencm3_stm32f0.a(gpio_common_f0234.o)
 .group         0x0000000000000000        0x8 /home/abd/projects/EFS_Link/st_mcu/test_project/stm32f030-demoboard/libopencm3/lib/libopencm3_stm32f0.a(gpio_common_f0234.o)
 .text          0x0000000000000000        0x0 /home/abd/projects/EFS_Link/st_mcu/test_project/stm32f030-demoboard/libopencm3/lib/libopencm3_stm32f0.a(gpio_common_f0234.o)
 .data          0x0000000000000000        0x0 /home/abd/projects/EFS_Link/st_mcu/test_project/stm32f030-demoboard/libopencm3/lib/libopencm3_stm32f0.a(gpio_common_f0234.o)
 .bss           0x0000000000000000        0x0 /home/abd/projects/EFS_Link/st_mcu/test_project/stm32f030-demoboard/libopencm3/lib/libopencm3_stm32f0.a(gpio_common_f0234.o)
 .text.gpio_set_output_options
                0x0000000000000000       0x36 /home/abd/projects/EFS_Link/st_mcu/test_project/stm32f030-demoboard/libopencm3/lib/libopencm3_stm32f0.a(gpio_common_f0234.o)
 .text.gpio_set_af
                0x0000000000000000       0x4e /home/abd/projects/EFS_Link/st_mcu/test_project/stm32f030-demoboard/libopencm3/lib/libopencm3_stm32f0.a(gpio_common_f0234.o)
 .debug_macro   0x0000000000000000      0x820 /home/abd/projects/EFS_Link/st_mcu/test_project/stm32f030-demoboard/libopencm3/lib/libopencm3_stm32f0.a(gpio_common_f0234.o)
 .debug_macro   0x0000000000000000       0x22 /home/abd/projects/EFS_Link/st_mcu/test_project/stm32f030-demoboard/libopencm3/lib/libopencm3_stm32f0.a(gpio_common_f0234.o)
 .debug_macro   0x0000000000000000       0x44 /home/abd/projects/EFS_Link/st_mcu/test_project/stm32f030-demoboard/libopencm3/lib/libopencm3_stm32f0.a(gpio_common_f0234.o)
 .debug_macro   0x0000000000000000       0xe3 /home/abd/projects/EFS_Link/st_mcu/test_project/stm32f030-demoboard/libopencm3/lib/libopencm3_stm32f0.a(gpio_common_f0234.o)
 .debug_macro   0x0000000000000000       0x22 /home/abd/projects/EFS_Link/st_mcu/test_project/stm32f030-demoboard/libopencm3/lib/libopencm3_stm32f0.a(gpio_common_f0234.o)
 .debug_macro   0x0000000000000000      0x1df /home/abd/projects/EFS_Link/st_mcu/test_project/stm32f030-demoboard/libopencm3/lib/libopencm3_stm32f0.a(gpio_common_f0234.o)
 .debug_macro   0x0000000000000000       0x22 /home/abd/projects/EFS_Link/st_mcu/test_project/stm32f030-demoboard/libopencm3/lib/libopencm3_stm32f0.a(gpio_common_f0234.o)
 .debug_macro   0x0000000000000000       0xfa /home/abd/projects/EFS_Link/st_mcu/test_project/stm32f030-demoboard/libopencm3/lib/libopencm3_stm32f0.a(gpio_common_f0234.o)
 .debug_macro   0x0000000000000000       0x34 /home/abd/projects/EFS_Link/st_mcu/test_project/stm32f030-demoboard/libopencm3/lib/libopencm3_stm32f0.a(gpio_common_f0234.o)
 .debug_macro   0x0000000000000000      0x15a /home/abd/projects/EFS_Link/st_mcu/test_project/stm32f030-demoboard/libopencm3/lib/libopencm3_stm32f0.a(gpio_common_f0234.o)
 .debug_macro   0x0000000000000000       0x76 /home/abd/projects/EFS_Link/st_mcu/test_project/stm32f030-demoboard/libopencm3/lib/libopencm3_stm32f0.a(gpio_common_f0234.o)
 .debug_macro   0x0000000000000000      0x2e6 /home/abd/projects/EFS_Link/st_mcu/test_project/stm32f030-demoboard/libopencm3/lib/libopencm3_stm32f0.a(gpio_common_f0234.o)
 .debug_macro   0x0000000000000000      0x14e /home/abd/projects/EFS_Link/st_mcu/test_project/stm32f030-demoboard/libopencm3/lib/libopencm3_stm32f0.a(gpio_common_f0234.o)
 .debug_macro   0x0000000000000000       0x3a /home/abd/projects/EFS_Link/st_mcu/test_project/stm32f030-demoboard/libopencm3/lib/libopencm3_stm32f0.a(gpio_common_f0234.o)
 .group         0x0000000000000000        0x8 /home/abd/projects/EFS_Link/st_mcu/test_project/stm32f030-demoboard/libopencm3/lib/libopencm3_stm32f0.a(rcc_common_all.o)
 .group         0x0000000000000000        0x8 /home/abd/projects/EFS_Link/st_mcu/test_project/stm32f030-demoboard/libopencm3/lib/libopencm3_stm32f0.a(rcc_common_all.o)
 .group         0x0000000000000000        0x8 /home/abd/projects/EFS_Link/st_mcu/test_project/stm32f030-demoboard/libopencm3/lib/libopencm3_stm32f0.a(rcc_common_all.o)
 .group         0x0000000000000000        0x8 /home/abd/projects/EFS_Link/st_mcu/test_project/stm32f030-demoboard/libopencm3/lib/libopencm3_stm32f0.a(rcc_common_all.o)
 .group         0x0000000000000000        0x8 /home/abd/projects/EFS_Link/st_mcu/test_project/stm32f030-demoboard/libopencm3/lib/libopencm3_stm32f0.a(rcc_common_all.o)
 .group         0x0000000000000000        0x8 /home/abd/projects/EFS_Link/st_mcu/test_project/stm32f030-demoboard/libopencm3/lib/libopencm3_stm32f0.a(rcc_common_all.o)
 .group         0x0000000000000000        0x8 /home/abd/projects/EFS_Link/st_mcu/test_project/stm32f030-demoboard/libopencm3/lib/libopencm3_stm32f0.a(rcc_common_all.o)
 .group         0x0000000000000000        0x8 /home/abd/projects/EFS_Link/st_mcu/test_project/stm32f030-demoboard/libopencm3/lib/libopencm3_stm32f0.a(rcc_common_all.o)
 .group         0x0000000000000000        0x8 /home/abd/projects/EFS_Link/st_mcu/test_project/stm32f030-demoboard/libopencm3/lib/libopencm3_stm32f0.a(rcc_common_all.o)
 .group         0x0000000000000000        0x8 /home/abd/projects/EFS_Link/st_mcu/test_project/stm32f030-demoboard/libopencm3/lib/libopencm3_stm32f0.a(rcc_common_all.o)
 .group         0x0000000000000000        0x8 /home/abd/projects/EFS_Link/st_mcu/test_project/stm32f030-demoboard/libopencm3/lib/libopencm3_stm32f0.a(rcc_common_all.o)
 .text          0x0000000000000000        0x0 /home/abd/projects/EFS_Link/st_mcu/test_project/stm32f030-demoboard/libopencm3/lib/libopencm3_stm32f0.a(rcc_common_all.o)
 .data          0x0000000000000000        0x0 /home/abd/projects/EFS_Link/st_mcu/test_project/stm32f030-demoboard/libopencm3/lib/libopencm3_stm32f0.a(rcc_common_all.o)
 .bss           0x0000000000000000        0x0 /home/abd/projects/EFS_Link/st_mcu/test_project/stm32f030-demoboard/libopencm3/lib/libopencm3_stm32f0.a(rcc_common_all.o)
 .text.rcc_peripheral_enable_clock
                0x0000000000000000        0x8 /home/abd/projects/EFS_Link/st_mcu/test_project/stm32f030-demoboard/libopencm3/lib/libopencm3_stm32f0.a(rcc_common_all.o)
 .text.rcc_peripheral_disable_clock
                0x0000000000000000        0x8 /home/abd/projects/EFS_Link/st_mcu/test_project/stm32f030-demoboard/libopencm3/lib/libopencm3_stm32f0.a(rcc_common_all.o)
 .text.rcc_peripheral_reset
                0x0000000000000000        0x8 /home/abd/projects/EFS_Link/st_mcu/test_project/stm32f030-demoboard/libopencm3/lib/libopencm3_stm32f0.a(rcc_common_all.o)
 .text.rcc_peripheral_clear_reset
                0x0000000000000000        0x8 /home/abd/projects/EFS_Link/st_mcu/test_project/stm32f030-demoboard/libopencm3/lib/libopencm3_stm32f0.a(rcc_common_all.o)
 .text.rcc_periph_clock_disable
                0x0000000000000000       0x1c /home/abd/projects/EFS_Link/st_mcu/test_project/stm32f030-demoboard/libopencm3/lib/libopencm3_stm32f0.a(rcc_common_all.o)
 .text.rcc_periph_reset_pulse
                0x0000000000000000       0x24 /home/abd/projects/EFS_Link/st_mcu/test_project/stm32f030-demoboard/libopencm3/lib/libopencm3_stm32f0.a(rcc_common_all.o)
 .text.rcc_periph_reset_hold
                0x0000000000000000       0x20 /home/abd/projects/EFS_Link/st_mcu/test_project/stm32f030-demoboard/libopencm3/lib/libopencm3_stm32f0.a(rcc_common_all.o)
 .text.rcc_periph_reset_release
                0x0000000000000000       0x1c /home/abd/projects/EFS_Link/st_mcu/test_project/stm32f030-demoboard/libopencm3/lib/libopencm3_stm32f0.a(rcc_common_all.o)
 .text.rcc_set_mco
                0x0000000000000000       0x18 /home/abd/projects/EFS_Link/st_mcu/test_project/stm32f030-demoboard/libopencm3/lib/libopencm3_stm32f0.a(rcc_common_all.o)
 .debug_macro   0x0000000000000000      0x820 /home/abd/projects/EFS_Link/st_mcu/test_project/stm32f030-demoboard/libopencm3/lib/libopencm3_stm32f0.a(rcc_common_all.o)
 .debug_macro   0x0000000000000000       0x22 /home/abd/projects/EFS_Link/st_mcu/test_project/stm32f030-demoboard/libopencm3/lib/libopencm3_stm32f0.a(rcc_common_all.o)
 .debug_macro   0x0000000000000000       0x44 /home/abd/projects/EFS_Link/st_mcu/test_project/stm32f030-demoboard/libopencm3/lib/libopencm3_stm32f0.a(rcc_common_all.o)
 .debug_macro   0x0000000000000000       0xe3 /home/abd/projects/EFS_Link/st_mcu/test_project/stm32f030-demoboard/libopencm3/lib/libopencm3_stm32f0.a(rcc_common_all.o)
 .debug_macro   0x0000000000000000       0x22 /home/abd/projects/EFS_Link/st_mcu/test_project/stm32f030-demoboard/libopencm3/lib/libopencm3_stm32f0.a(rcc_common_all.o)
 .debug_macro   0x0000000000000000      0x1df /home/abd/projects/EFS_Link/st_mcu/test_project/stm32f030-demoboard/libopencm3/lib/libopencm3_stm32f0.a(rcc_common_all.o)
 .debug_macro   0x0000000000000000       0x22 /home/abd/projects/EFS_Link/st_mcu/test_project/stm32f030-demoboard/libopencm3/lib/libopencm3_stm32f0.a(rcc_common_all.o)
 .debug_macro   0x0000000000000000       0xfa /home/abd/projects/EFS_Link/st_mcu/test_project/stm32f030-demoboard/libopencm3/lib/libopencm3_stm32f0.a(rcc_common_all.o)
 .debug_macro   0x0000000000000000       0x34 /home/abd/projects/EFS_Link/st_mcu/test_project/stm32f030-demoboard/libopencm3/lib/libopencm3_stm32f0.a(rcc_common_all.o)
 .debug_macro   0x0000000000000000      0x15a /home/abd/projects/EFS_Link/st_mcu/test_project/stm32f030-demoboard/libopencm3/lib/libopencm3_stm32f0.a(rcc_common_all.o)
 .group         0x0000000000000000        0x8 /home/abd/projects/EFS_Link/st_mcu/test_project/stm32f030-demoboard/libopencm3/lib/libopencm3_stm32f0.a(vector.o)
 .group         0x0000000000000000        0x8 /home/abd/projects/EFS_Link/st_mcu/test_project/stm32f030-demoboard/libopencm3/lib/libopencm3_stm32f0.a(vector.o)
 .group         0x0000000000000000        0x8 /home/abd/projects/EFS_Link/st_mcu/test_project/stm32f030-demoboard/libopencm3/lib/libopencm3_stm32f0.a(vector.o)
 .group         0x0000000000000000        0x8 /home/abd/projects/EFS_Link/st_mcu/test_project/stm32f030-demoboard/libopencm3/lib/libopencm3_stm32f0.a(vector.o)
 .group         0x0000000000000000        0x8 /home/abd/projects/EFS_Link/st_mcu/test_project/stm32f030-demoboard/libopencm3/lib/libopencm3_stm32f0.a(vector.o)
 .group         0x0000000000000000        0x8 /home/abd/projects/EFS_Link/st_mcu/test_project/stm32f030-demoboard/libopencm3/lib/libopencm3_stm32f0.a(vector.o)
 .group         0x0000000000000000        0x8 /home/abd/projects/EFS_Link/st_mcu/test_project/stm32f030-demoboard/libopencm3/lib/libopencm3_stm32f0.a(vector.o)
 .group         0x0000000000000000        0x8 /home/abd/projects/EFS_Link/st_mcu/test_project/stm32f030-demoboard/libopencm3/lib/libopencm3_stm32f0.a(vector.o)
 .group         0x0000000000000000        0x8 /home/abd/projects/EFS_Link/st_mcu/test_project/stm32f030-demoboard/libopencm3/lib/libopencm3_stm32f0.a(vector.o)
 .group         0x0000000000000000        0x8 /home/abd/projects/EFS_Link/st_mcu/test_project/stm32f030-demoboard/libopencm3/lib/libopencm3_stm32f0.a(vector.o)
 .group         0x0000000000000000        0x8 /home/abd/projects/EFS_Link/st_mcu/test_project/stm32f030-demoboard/libopencm3/lib/libopencm3_stm32f0.a(vector.o)
 .group         0x0000000000000000        0x8 /home/abd/projects/EFS_Link/st_mcu/test_project/stm32f030-demoboard/libopencm3/lib/libopencm3_stm32f0.a(vector.o)
 .text          0x0000000000000000        0x0 /home/abd/projects/EFS_Link/st_mcu/test_project/stm32f030-demoboard/libopencm3/lib/libopencm3_stm32f0.a(vector.o)
 .data          0x0000000000000000        0x0 /home/abd/projects/EFS_Link/st_mcu/test_project/stm32f030-demoboard/libopencm3/lib/libopencm3_stm32f0.a(vector.o)
 .bss           0x0000000000000000        0x0 /home/abd/projects/EFS_Link/st_mcu/test_project/stm32f030-demoboard/libopencm3/lib/libopencm3_stm32f0.a(vector.o)
 .debug_macro   0x0000000000000000      0x820 /home/abd/projects/EFS_Link/st_mcu/test_project/stm32f030-demoboard/libopencm3/lib/libopencm3_stm32f0.a(vector.o)
 .debug_macro   0x0000000000000000       0x34 /home/abd/projects/EFS_Link/st_mcu/test_project/stm32f030-demoboard/libopencm3/lib/libopencm3_stm32f0.a(vector.o)
 .debug_macro   0x0000000000000000       0x22 /home/abd/projects/EFS_Link/st_mcu/test_project/stm32f030-demoboard/libopencm3/lib/libopencm3_stm32f0.a(vector.o)
 .debug_macro   0x0000000000000000       0x44 /home/abd/projects/EFS_Link/st_mcu/test_project/stm32f030-demoboard/libopencm3/lib/libopencm3_stm32f0.a(vector.o)
 .debug_macro   0x0000000000000000       0xe3 /home/abd/projects/EFS_Link/st_mcu/test_project/stm32f030-demoboard/libopencm3/lib/libopencm3_stm32f0.a(vector.o)
 .debug_macro   0x0000000000000000       0x22 /home/abd/projects/EFS_Link/st_mcu/test_project/stm32f030-demoboard/libopencm3/lib/libopencm3_stm32f0.a(vector.o)
 .debug_macro   0x0000000000000000      0x1df /home/abd/projects/EFS_Link/st_mcu/test_project/stm32f030-demoboard/libopencm3/lib/libopencm3_stm32f0.a(vector.o)
 .debug_macro   0x0000000000000000       0x22 /home/abd/projects/EFS_Link/st_mcu/test_project/stm32f030-demoboard/libopencm3/lib/libopencm3_stm32f0.a(vector.o)
 .debug_macro   0x0000000000000000       0xfa /home/abd/projects/EFS_Link/st_mcu/test_project/stm32f030-demoboard/libopencm3/lib/libopencm3_stm32f0.a(vector.o)

Memory Configuration

Name             Origin             Length             Attributes
rom              0x0000000008000000 0x0000000000004000 xr
ram              0x0000000020000000 0x0000000000001000 xrw
*default*        0x0000000000000000 0xffffffffffffffff

Linker script and memory map

LOAD miniblink.o
LOAD /home/abd/projects/EFS_Link/st_mcu/test_project/stm32f030-demoboard/libopencm3/lib/libopencm3_stm32f0.a
START GROUP
LOAD /usr/bin/../lib/gcc/arm-none-eabi/4.9.3/../../../../arm-none-eabi/lib/armv6-m/libc.a
LOAD /usr/bin/../lib/gcc/arm-none-eabi/4.9.3/armv6-m/libgcc.a
LOAD /usr/bin/../lib/gcc/arm-none-eabi/4.9.3/../../../../arm-none-eabi/lib/armv6-m/libnosys.a
END GROUP
START GROUP
LOAD /usr/bin/../lib/gcc/arm-none-eabi/4.9.3/armv6-m/libgcc.a
LOAD /usr/bin/../lib/gcc/arm-none-eabi/4.9.3/../../../../arm-none-eabi/lib/armv6-m/libc.a
END GROUP

.text           0x0000000008000000      0x1f4
 *(.vectors)
 .vectors       0x0000000008000000       0xc0 /home/abd/projects/EFS_Link/st_mcu/test_project/stm32f030-demoboard/libopencm3/lib/libopencm3_stm32f0.a(vector.o)
                0x0000000008000000                vector_table
 *(.text*)
 .text.startup.main
                0x00000000080000c0       0x38 miniblink.o
                0x00000000080000c0                main
 .text.gpio_toggle
                0x00000000080000f8       0x10 /home/abd/projects/EFS_Link/st_mcu/test_project/stm32f030-demoboard/libopencm3/lib/libopencm3_stm32f0.a(gpio_common_all.o)
                0x00000000080000f8                gpio_toggle
 .text.gpio_mode_setup
                0x0000000008000108       0x3c /home/abd/projects/EFS_Link/st_mcu/test_project/stm32f030-demoboard/libopencm3/lib/libopencm3_stm32f0.a(gpio_common_f0234.o)
                0x0000000008000108                gpio_mode_setup
 .text.rcc_periph_clock_enable
                0x0000000008000144       0x20 /home/abd/projects/EFS_Link/st_mcu/test_project/stm32f030-demoboard/libopencm3/lib/libopencm3_stm32f0.a(rcc_common_all.o)
                0x0000000008000144                rcc_periph_clock_enable
 .text.blocking_handler
                0x0000000008000164        0x2 /home/abd/projects/EFS_Link/st_mcu/test_project/stm32f030-demoboard/libopencm3/lib/libopencm3_stm32f0.a(vector.o)
                0x0000000008000164                rtc_isr
                0x0000000008000164                tim7_isr
                0x0000000008000164                blocking_handler
                0x0000000008000164                tsc_isr
                0x0000000008000164                spi1_isr
                0x0000000008000164                i2c1_isr
                0x0000000008000164                tim17_isr
                0x0000000008000164                i2c2_isr
                0x0000000008000164                usart1_isr
                0x0000000008000164                usart3_4_isr
                0x0000000008000164                tim1_cc_isr
                0x0000000008000164                exti2_3_isr
                0x0000000008000164                tim16_isr
                0x0000000008000164                pvd_isr
                0x0000000008000164                rcc_isr
                0x0000000008000164                flash_isr
                0x0000000008000164                hard_fault_handler
                0x0000000008000164                tim14_isr
                0x0000000008000164                spi2_isr
                0x0000000008000164                usb_isr
                0x0000000008000164                tim15_isr
                0x0000000008000164                tim3_isr
                0x0000000008000164                usart2_isr
                0x0000000008000164                adc_comp_isr
                0x0000000008000164                dma1_channel1_isr
                0x0000000008000164                tim6_dac_isr
                0x0000000008000164                tim1_brk_up_trg_com_isr
                0x0000000008000164                dma1_channel2_3_isr
                0x0000000008000164                exti4_15_isr
                0x0000000008000164                cec_can_isr
                0x0000000008000164                wwdg_isr
                0x0000000008000164                tim2_isr
                0x0000000008000164                dma1_channel4_5_isr
                0x0000000008000164                exti0_1_isr
 .text.null_handler
                0x0000000008000166        0x2 /home/abd/projects/EFS_Link/st_mcu/test_project/stm32f030-demoboard/libopencm3/lib/libopencm3_stm32f0.a(vector.o)
                0x0000000008000166                null_handler
                0x0000000008000166                sv_call_handler
                0x0000000008000166                pend_sv_handler
                0x0000000008000166                sys_tick_handler
                0x0000000008000166                nmi_handler
 .text.reset_handler
                0x0000000008000168       0x8c /home/abd/projects/EFS_Link/st_mcu/test_project/stm32f030-demoboard/libopencm3/lib/libopencm3_stm32f0.a(vector.o)
                0x0000000008000168                reset_handler
                0x00000000080001f4                . = ALIGN (0x4)
 *(.rodata*)
                0x00000000080001f4                . = ALIGN (0x4)

.glue_7         0x00000000080001f4        0x0
 .glue_7        0x0000000000000000        0x0 linker stubs

.glue_7t        0x00000000080001f4        0x0
 .glue_7t       0x0000000000000000        0x0 linker stubs

.vfp11_veneer   0x00000000080001f4        0x0
 .vfp11_veneer  0x0000000000000000        0x0 linker stubs

.v4_bx          0x00000000080001f4        0x0
 .v4_bx         0x0000000000000000        0x0 linker stubs

.iplt           0x00000000080001f4        0x0
 .iplt          0x0000000000000000        0x0 miniblink.o

.rel.dyn        0x00000000080001f4        0x0
 .rel.iplt      0x0000000000000000        0x0 miniblink.o

.preinit_array  0x00000000080001f4        0x0
                0x00000000080001f4                . = ALIGN (0x4)
                0x00000000080001f4                __preinit_array_start = .
 *(.preinit_array)
                0x00000000080001f4                __preinit_array_end = .

.init_array     0x00000000080001f4        0x0
                0x00000000080001f4                . = ALIGN (0x4)
                0x00000000080001f4                __init_array_start = .
 *(SORT(.init_array.*))
 *(.init_array)
                0x00000000080001f4                __init_array_end = .

.fini_array     0x00000000080001f4        0x0
                0x00000000080001f4                . = ALIGN (0x4)
                0x00000000080001f4                __fini_array_start = .
 *(.fini_array)
 *(SORT(.fini_array.*))
                0x00000000080001f4                __fini_array_end = .

.ARM.extab
 *(.ARM.extab*)

.ARM.exidx      0x00000000080001f4        0x0
                0x00000000080001f4                __exidx_start = .
 *(.ARM.exidx*)
                0x00000000080001f4                __exidx_end = .
                0x00000000080001f4                . = ALIGN (0x4)
                0x00000000080001f4                _etext = .

.data           0x0000000020000000        0x0 load address 0x00000000080001f4
                0x0000000020000000                _data = .
 *(.data*)
                0x0000000020000000                . = ALIGN (0x4)
                0x0000000020000000                _edata = .
                0x00000000080001f4                _data_loadaddr = LOADADDR (.data)

.igot.plt       0x0000000020000000        0x0 load address 0x00000000080001f4
 .igot.plt      0x0000000000000000        0x0 miniblink.o

.bss            0x0000000020000000        0x0 load address 0x00000000080001f4
 *(.bss*)
 *(COMMON)
                0x0000000020000000                . = ALIGN (0x4)
                0x0000000020000000                _ebss = .

/DISCARD/
 *(.eh_frame)
                0x0000000020000000                . = ALIGN (0x4)
                0x0000000020000000                end = .
                0x0000000020001000                PROVIDE (_stack, (ORIGIN (ram) + 0x1000))
OUTPUT(miniblink.elf elf32-littlearm)

.debug_info     0x0000000000000000      0xde2
 .debug_info    0x0000000000000000      0x2b5 miniblink.o
 .debug_info    0x00000000000002b5      0x22c /home/abd/projects/EFS_Link/st_mcu/test_project/stm32f030-demoboard/libopencm3/lib/libopencm3_stm32f0.a(gpio_common_all.o)
 .debug_info    0x00000000000004e1      0x1f3 /home/abd/projects/EFS_Link/st_mcu/test_project/stm32f030-demoboard/libopencm3/lib/libopencm3_stm32f0.a(gpio_common_f0234.o)
 .debug_info    0x00000000000006d4      0x46b /home/abd/projects/EFS_Link/st_mcu/test_project/stm32f030-demoboard/libopencm3/lib/libopencm3_stm32f0.a(rcc_common_all.o)
 .debug_info    0x0000000000000b3f      0x2a3 /home/abd/projects/EFS_Link/st_mcu/test_project/stm32f030-demoboard/libopencm3/lib/libopencm3_stm32f0.a(vector.o)

.debug_abbrev   0x0000000000000000      0x4bc
 .debug_abbrev  0x0000000000000000       0xfc miniblink.o
 .debug_abbrev  0x00000000000000fc      0x10e /home/abd/projects/EFS_Link/st_mcu/test_project/stm32f030-demoboard/libopencm3/lib/libopencm3_stm32f0.a(gpio_common_all.o)
 .debug_abbrev  0x000000000000020a       0xb7 /home/abd/projects/EFS_Link/st_mcu/test_project/stm32f030-demoboard/libopencm3/lib/libopencm3_stm32f0.a(gpio_common_f0234.o)
 .debug_abbrev  0x00000000000002c1       0xd0 /home/abd/projects/EFS_Link/st_mcu/test_project/stm32f030-demoboard/libopencm3/lib/libopencm3_stm32f0.a(rcc_common_all.o)
 .debug_abbrev  0x0000000000000391      0x12b /home/abd/projects/EFS_Link/st_mcu/test_project/stm32f030-demoboard/libopencm3/lib/libopencm3_stm32f0.a(vector.o)

.debug_loc      0x0000000000000000      0x404
 .debug_loc     0x0000000000000000       0x4d miniblink.o
 .debug_loc     0x000000000000004d       0x76 /home/abd/projects/EFS_Link/st_mcu/test_project/stm32f030-demoboard/libopencm3/lib/libopencm3_stm32f0.a(gpio_common_all.o)
 .debug_loc     0x00000000000000c3      0x17f /home/abd/projects/EFS_Link/st_mcu/test_project/stm32f030-demoboard/libopencm3/lib/libopencm3_stm32f0.a(gpio_common_f0234.o)
 .debug_loc     0x0000000000000242      0x108 /home/abd/projects/EFS_Link/st_mcu/test_project/stm32f030-demoboard/libopencm3/lib/libopencm3_stm32f0.a(rcc_common_all.o)
 .debug_loc     0x000000000000034a       0xba /home/abd/projects/EFS_Link/st_mcu/test_project/stm32f030-demoboard/libopencm3/lib/libopencm3_stm32f0.a(vector.o)

.debug_aranges  0x0000000000000000      0x138
 .debug_aranges
                0x0000000000000000       0x20 miniblink.o
 .debug_aranges
                0x0000000000000020       0x50 /home/abd/projects/EFS_Link/st_mcu/test_project/stm32f030-demoboard/libopencm3/lib/libopencm3_stm32f0.a(gpio_common_all.o)
 .debug_aranges
                0x0000000000000070       0x30 /home/abd/projects/EFS_Link/st_mcu/test_project/stm32f030-demoboard/libopencm3/lib/libopencm3_stm32f0.a(gpio_common_f0234.o)
 .debug_aranges
                0x00000000000000a0       0x68 /home/abd/projects/EFS_Link/st_mcu/test_project/stm32f030-demoboard/libopencm3/lib/libopencm3_stm32f0.a(rcc_common_all.o)
 .debug_aranges
                0x0000000000000108       0x30 /home/abd/projects/EFS_Link/st_mcu/test_project/stm32f030-demoboard/libopencm3/lib/libopencm3_stm32f0.a(vector.o)

.debug_ranges   0x0000000000000000       0xe8
 .debug_ranges  0x0000000000000000       0x10 miniblink.o
 .debug_ranges  0x0000000000000010       0x40 /home/abd/projects/EFS_Link/st_mcu/test_project/stm32f030-demoboard/libopencm3/lib/libopencm3_stm32f0.a(gpio_common_all.o)
 .debug_ranges  0x0000000000000050       0x20 /home/abd/projects/EFS_Link/st_mcu/test_project/stm32f030-demoboard/libopencm3/lib/libopencm3_stm32f0.a(gpio_common_f0234.o)
 .debug_ranges  0x0000000000000070       0x58 /home/abd/projects/EFS_Link/st_mcu/test_project/stm32f030-demoboard/libopencm3/lib/libopencm3_stm32f0.a(rcc_common_all.o)
 .debug_ranges  0x00000000000000c8       0x20 /home/abd/projects/EFS_Link/st_mcu/test_project/stm32f030-demoboard/libopencm3/lib/libopencm3_stm32f0.a(vector.o)

.debug_line     0x0000000000000000      0xce1
 .debug_line    0x0000000000000000      0x1d1 miniblink.o
 .debug_line    0x00000000000001d1      0x2d0 /home/abd/projects/EFS_Link/st_mcu/test_project/stm32f030-demoboard/libopencm3/lib/libopencm3_stm32f0.a(gpio_common_all.o)
 .debug_line    0x00000000000004a1      0x2bd /home/abd/projects/EFS_Link/st_mcu/test_project/stm32f030-demoboard/libopencm3/lib/libopencm3_stm32f0.a(gpio_common_f0234.o)
 .debug_line    0x000000000000075e      0x2dc /home/abd/projects/EFS_Link/st_mcu/test_project/stm32f030-demoboard/libopencm3/lib/libopencm3_stm32f0.a(rcc_common_all.o)
 .debug_line    0x0000000000000a3a      0x2a7 /home/abd/projects/EFS_Link/st_mcu/test_project/stm32f030-demoboard/libopencm3/lib/libopencm3_stm32f0.a(vector.o)

.debug_str      0x0000000000000000     0x8cf3
 .debug_str     0x0000000000000000      0x2f2 miniblink.o
                                        0x395 (size before relaxing)
 .debug_str     0x00000000000002f2     0x50c6 /home/abd/projects/EFS_Link/st_mcu/test_project/stm32f030-demoboard/libopencm3/lib/libopencm3_stm32f0.a(gpio_common_all.o)
                                       0x525f (size before relaxing)
 .debug_str     0x00000000000053b8       0x8a /home/abd/projects/EFS_Link/st_mcu/test_project/stm32f030-demoboard/libopencm3/lib/libopencm3_stm32f0.a(gpio_common_f0234.o)
                                       0x5281 (size before relaxing)
 .debug_str     0x0000000000005442     0x2623 /home/abd/projects/EFS_Link/st_mcu/test_project/stm32f030-demoboard/libopencm3/lib/libopencm3_stm32f0.a(rcc_common_all.o)
                                       0x651e (size before relaxing)
 .debug_str     0x0000000000007a65     0x128e /home/abd/projects/EFS_Link/st_mcu/test_project/stm32f030-demoboard/libopencm3/lib/libopencm3_stm32f0.a(vector.o)
                                       0x46f0 (size before relaxing)

.comment        0x0000000000000000       0x70
 .comment       0x0000000000000000       0x70 miniblink.o
                                         0x71 (size before relaxing)
 .comment       0x0000000000000000       0x71 /home/abd/projects/EFS_Link/st_mcu/test_project/stm32f030-demoboard/libopencm3/lib/libopencm3_stm32f0.a(gpio_common_all.o)
 .comment       0x0000000000000000       0x71 /home/abd/projects/EFS_Link/st_mcu/test_project/stm32f030-demoboard/libopencm3/lib/libopencm3_stm32f0.a(gpio_common_f0234.o)
 .comment       0x0000000000000000       0x71 /home/abd/projects/EFS_Link/st_mcu/test_project/stm32f030-demoboard/libopencm3/lib/libopencm3_stm32f0.a(rcc_common_all.o)
 .comment       0x0000000000000000       0x71 /home/abd/projects/EFS_Link/st_mcu/test_project/stm32f030-demoboard/libopencm3/lib/libopencm3_stm32f0.a(vector.o)

.ARM.attributes
                0x0000000000000000       0x31
 .ARM.attributes
                0x0000000000000000       0x31 miniblink.o
 .ARM.attributes
                0x0000000000000031       0x31 /home/abd/projects/EFS_Link/st_mcu/test_project/stm32f030-demoboard/libopencm3/lib/libopencm3_stm32f0.a(gpio_common_all.o)
 .ARM.attributes
                0x0000000000000062       0x31 /home/abd/projects/EFS_Link/st_mcu/test_project/stm32f030-demoboard/libopencm3/lib/libopencm3_stm32f0.a(gpio_common_f0234.o)
 .ARM.attributes
                0x0000000000000093       0x31 /home/abd/projects/EFS_Link/st_mcu/test_project/stm32f030-demoboard/libopencm3/lib/libopencm3_stm32f0.a(rcc_common_all.o)
 .ARM.attributes
                0x00000000000000c4       0x31 /home/abd/projects/EFS_Link/st_mcu/test_project/stm32f030-demoboard/libopencm3/lib/libopencm3_stm32f0.a(vector.o)

.debug_frame    0x0000000000000000      0x218
 .debug_frame   0x0000000000000000       0x28 miniblink.o
 .debug_frame   0x0000000000000028       0x80 /home/abd/projects/EFS_Link/st_mcu/test_project/stm32f030-demoboard/libopencm3/lib/libopencm3_stm32f0.a(gpio_common_all.o)
 .debug_frame   0x00000000000000a8       0x70 /home/abd/projects/EFS_Link/st_mcu/test_project/stm32f030-demoboard/libopencm3/lib/libopencm3_stm32f0.a(gpio_common_f0234.o)
 .debug_frame   0x0000000000000118       0xc0 /home/abd/projects/EFS_Link/st_mcu/test_project/stm32f030-demoboard/libopencm3/lib/libopencm3_stm32f0.a(rcc_common_all.o)
 .debug_frame   0x00000000000001d8       0x40 /home/abd/projects/EFS_Link/st_mcu/test_project/stm32f030-demoboard/libopencm3/lib/libopencm3_stm32f0.a(vector.o)

.debug_macro    0x0000000000000000     0x1fd3
 .debug_macro   0x0000000000000000       0xc8 /home/abd/projects/EFS_Link/st_mcu/test_project/stm32f030-demoboard/libopencm3/lib/libopencm3_stm32f0.a(gpio_common_all.o)
 .debug_macro   0x00000000000000c8      0x820 /home/abd/projects/EFS_Link/st_mcu/test_project/stm32f030-demoboard/libopencm3/lib/libopencm3_stm32f0.a(gpio_common_all.o)
 .debug_macro   0x00000000000008e8       0x22 /home/abd/projects/EFS_Link/st_mcu/test_project/stm32f030-demoboard/libopencm3/lib/libopencm3_stm32f0.a(gpio_common_all.o)
 .debug_macro   0x000000000000090a       0x44 /home/abd/projects/EFS_Link/st_mcu/test_project/stm32f030-demoboard/libopencm3/lib/libopencm3_stm32f0.a(gpio_common_all.o)
 .debug_macro   0x000000000000094e       0xe3 /home/abd/projects/EFS_Link/st_mcu/test_project/stm32f030-demoboard/libopencm3/lib/libopencm3_stm32f0.a(gpio_common_all.o)
 .debug_macro   0x0000000000000a31       0x22 /home/abd/projects/EFS_Link/st_mcu/test_project/stm32f030-demoboard/libopencm3/lib/libopencm3_stm32f0.a(gpio_common_all.o)
 .debug_macro   0x0000000000000a53      0x1df /home/abd/projects/EFS_Link/st_mcu/test_project/stm32f030-demoboard/libopencm3/lib/libopencm3_stm32f0.a(gpio_common_all.o)
 .debug_macro   0x0000000000000c32       0x22 /home/abd/projects/EFS_Link/st_mcu/test_project/stm32f030-demoboard/libopencm3/lib/libopencm3_stm32f0.a(gpio_common_all.o)
 .debug_macro   0x0000000000000c54       0xfa /home/abd/projects/EFS_Link/st_mcu/test_project/stm32f030-demoboard/libopencm3/lib/libopencm3_stm32f0.a(gpio_common_all.o)
 .debug_macro   0x0000000000000d4e       0x34 /home/abd/projects/EFS_Link/st_mcu/test_project/stm32f030-demoboard/libopencm3/lib/libopencm3_stm32f0.a(gpio_common_all.o)
 .debug_macro   0x0000000000000d82      0x15a /home/abd/projects/EFS_Link/st_mcu/test_project/stm32f030-demoboard/libopencm3/lib/libopencm3_stm32f0.a(gpio_common_all.o)
 .debug_macro   0x0000000000000edc       0x76 /home/abd/projects/EFS_Link/st_mcu/test_project/stm32f030-demoboard/libopencm3/lib/libopencm3_stm32f0.a(gpio_common_all.o)
 .debug_macro   0x0000000000000f52      0x2e6 /home/abd/projects/EFS_Link/st_mcu/test_project/stm32f030-demoboard/libopencm3/lib/libopencm3_stm32f0.a(gpio_common_all.o)
 .debug_macro   0x0000000000001238      0x14e /home/abd/projects/EFS_Link/st_mcu/test_project/stm32f030-demoboard/libopencm3/lib/libopencm3_stm32f0.a(gpio_common_all.o)
 .debug_macro   0x0000000000001386       0x3a /home/abd/projects/EFS_Link/st_mcu/test_project/stm32f030-demoboard/libopencm3/lib/libopencm3_stm32f0.a(gpio_common_all.o)
 .debug_macro   0x00000000000013c0       0xc8 /home/abd/projects/EFS_Link/st_mcu/test_project/stm32f030-demoboard/libopencm3/lib/libopencm3_stm32f0.a(gpio_common_f0234.o)
 .debug_macro   0x0000000000001488       0xc0 /home/abd/projects/EFS_Link/st_mcu/test_project/stm32f030-demoboard/libopencm3/lib/libopencm3_stm32f0.a(rcc_common_all.o)
 .debug_macro   0x0000000000001548      0x71c /home/abd/projects/EFS_Link/st_mcu/test_project/stm32f030-demoboard/libopencm3/lib/libopencm3_stm32f0.a(rcc_common_all.o)
 .debug_macro   0x0000000000001c64       0xc1 /home/abd/projects/EFS_Link/st_mcu/test_project/stm32f030-demoboard/libopencm3/lib/libopencm3_stm32f0.a(vector.o)
 .debug_macro   0x0000000000001d25      0x19e /home/abd/projects/EFS_Link/st_mcu/test_project/stm32f030-demoboard/libopencm3/lib/libopencm3_stm32f0.a(vector.o)
 .debug_macro   0x0000000000001ec3       0x46 /home/abd/projects/EFS_Link/st_mcu/test_project/stm32f030-demoboard/libopencm3/lib/libopencm3_stm32f0.a(vector.o)
 .debug_macro   0x0000000000001f09       0xca /home/abd/projects/EFS_Link/st_mcu/test_project/stm32f030-demoboard/libopencm3/lib/libopencm3_stm32f0.a(vector.o)
